Loading the Conda module
Activate Conda environment
Start the Python script
-----------------------------------
Starting analysis script...

Getting all businesses to work on

Trimming businesses that we have already reviewed

There are 600 in total

Starting pool processes...
